
[1m[46m RUN [49m[22m [36mv4.0.18 [39m[90mD:/NMDEV/Demo_I131[39m

 [31m??[39m utils.test.js [2m([22m[2m5 tests[22m[2m | [22m[31m2 failed[39m[2m)[22m[32m 16[2mms[22m[39m
       [32m??[39m ?府撠???21 憭拍??交?? true[32m 4[2mms[22m[39m
       [32m??[39m ?府撠??潭?憭扳 22 憭拍??交?? false[32m 1[2mms[22m[39m
[31m       [31m?[31m ?府撠??餌??交?? true[39m[32m 8[2mms[22m[39m
       [32m??[39m formatDateShort ?迤蝣箏???YYYY-MM-DD[32m 1[2mms[22m[39m
[31m       [31m?[31m ?府?賢?瑕?摰???[39m[32m 1[2mms[22m[39m
node.exe : 
位於 C:\Program Files\nod
ejs\npx.ps1:29 字元:3
+   & $NODE_EXE $NPX_CL
I_JS $args
+   ~~~~~~~~~~~~~~~~~~~
~~~~~~~~~~
    + CategoryInfo     
         : NotSpecifi  
  ed: (:String) [],    
 RemoteException
    + FullyQualifiedEr 
   rorId : NativeComm  
  andError
 
[31m?胼?胼?胼??[39m[1
m[41m Failed Tests 2 
[49m[22m[31m?胼?胼?胼
??[39m

[41m[1m FAIL [22m[4
9m utils.test.js[2m > 
[22mutils.js[2m > [2
2misLessThan21Days[2m 
> [22m?府撠??餌??交?? 
true
[31m[1mAssertionError
[22m: expected false t
o be true // Object.is 
equality[39m

[32m- Expected[39m
[31m+ Received[39m

[32m- true[39m
[31m+ false[39m

[36m [2m??[22m utils.
test.js:[2m30:58[22m
[39m
    [90m 28| [39m
    [90m 29| [39m    
    [34mit[39m([32m'
?府撠??餌??交?? true'[
39m[33m,[39m () [33m
=>[39m {
    [90m 30| [39m    
        [34mexpect[39
m(utils[33m.[39m[34m
isLessThan21Days[39m(
[32m'2024-04-30'[39m))
[33m.[39m[34mtoBe[3
9m([35mtrue[39m)[33m
;[39m
    [90m   | [39m    
                       
                       
       [31m^[39m
    [90m 31| [39m    
    })[33m;[39m
    [90m 32| [39m    
})[33m;[39m

[31m[2m?胼?胼?胼?胼?胼
?胼?胼?胼?胼?胼?胼?胼[
1/2]??[22m[39m

[41m[1m FAIL [22m[4
9m utils.test.js[2m > 
[22mutils.js[2m > [2
2mHoliday check[2m > 
[22m?府?賢?瑕?摰???[31m
[1mAssertionError[22m
: expected false to be 
true // Object.is equal
ity[39m

[32m- Expected[39m
[31m+ Received[39m

[32m- true[39m
[31m+ false[39m

[36m [2m??[22m utils.
test.js:[2m43:51[22m
[39m
    [90m 41| [39m    
[34mdescribe[39m([32
m'Holiday check'[39m[
33m,[39m () [33m=>[3
9m {
    [90m 42| [39m    
    [34mit[39m([32m'
?府?賢?瑕?摰???[39m[33
m,[39m () [33m=>[39m
 {
    [90m 43| [39m    
        [34mexpect[39
m(utils[33m.[39m[34m
isHoliday[39m([32m'20
24-01-01'[39m))[33m.
[39m[34mtoBe[39m([35
mtrue[39m)[33m;[39m
    [90m   | [39m    
                       
                       
[31m^[39m
    [90m 44| [39m    
        [34mexpect[39
m(utils[33m.[39m[34m
isHoliday[39m([32m'20
24-05-01'[39m))[33m.
[39m[34mtoBe[39m([35
mtrue[39m)[33m;[39m
    [90m 45| [39m    
        [34mexpect[39
m(utils[33m.[39m[34m
isHoliday[39m([32m'20
24-05-02'[39m))[33m.
[39m[34mtoBe[39m([35
mfalse[39m)[33m;[39m

[31m[2m?胼?胼?胼?胼?胼
?胼?胼?胼?胼?胼?胼?胼[
2/2]??[22m[39m


[2m Test Files [22m [1m[31m1 failed[39m[22m[90m (1)[39m
[2m      Tests [22m [1m[31m2 failed[39m[22m[2m | [22m[1m[32m3 passed[39m[22m[90m (5)[39m
[2m   Start at [22m 11:23:24
[2m   Duration [22m 1.19s[2m (transform 27ms, setup 0ms, import 45ms, tests 16ms, environment 953ms)[22m

